guard: sampler_ns=0  capacity(0-7/8-15)=632/1023  kernel=6.17.0-G-LOCK-40-rcufix+
########## hackbench ##########
hackbench,1,pv,4.661,0,18708
hackbench,1,ivh,4.808,3383,17077
hackbench,2,ivh,4.914,5622,17799
hackbench,2,pv,4.670,0,18974
hackbench,3,pv,4.753,0,17312
hackbench,3,ivh,4.653,3767,17320
########## perf_sched_pipe ##########
perf_sched_pipe,1,pv,46722,0,125
perf_sched_pipe,1,ivh,48293,75,103
perf_sched_pipe,2,ivh,45353,338,2315
perf_sched_pipe,2,pv,42719,0,128
perf_sched_pipe,3,pv,41974,0,539
perf_sched_pipe,3,ivh,55389,9,102
########## stressng_dentry ##########
stressng_dentry,1,pv,139686.03,0,13320
stressng_dentry,1,ivh,138076.43,4636,13403
stressng_dentry,2,ivh,138146.01,4878,13756
stressng_dentry,2,pv,135243.31,0,14068
stressng_dentry,3,pv,137902.68,0,12964
stressng_dentry,3,ivh,136187.50,5600,12679
########## ebizzy_mmap ##########
ebizzy_mmap,1,pv,1610,0,8600
ebizzy_mmap,1,ivh,1398,8794,4319
